<?xml version="1.0" encoding="utf-8"?><testsuites name="pytest tests"><testsuite name="pytest" errors="0" failures="0" skipped="0" tests="190" time="5.693" timestamp="2026-05-18T10:31:26.907926+02:00" hostname="tuky-2"><testcase classname="tests.unit.test_bird.TestBIRDInterface" name="test_returns_dict" time="0.006" /><testcase classname="tests.unit.test_bird.TestBIRDInterface" name="test_expected_keys" time="0.001" /><testcase classname="tests.unit.test_bird.TestBIRDInterface" name="test_no_csi_key" time="0.001" /><testcase classname="tests.unit.test_bird.TestBIRDInterface" name="test_output_types" time="0.001" /><testcase classname="tests.unit.test_bird.TestBIRDInterface" name="test_scalar_input_produces_scalar_array" time="0.001" /><testcase classname="tests.unit.test_bird.TestBIRDInterface" name="test_array_input_preserves_shape" time="0.001" /><testcase classname="tests.unit.test_bird.TestBIRDPhysics" name="test_daytime_irradiance_positive" time="0.002" /><testcase classname="tests.unit.test_bird.TestBIRDPhysics" name="test_ghi_equals_dhi_plus_dif" time="0.007" /><testcase classname="tests.unit.test_bird.TestBIRDPhysics" name="test_dhi_equals_dni_times_cosz" time="0.002" /><testcase classname="tests.unit.test_bird.TestBIRDPhysics" name="test_ghi_bounded_by_extraterrestrial" time="0.001" /><testcase classname="tests.unit.test_bird.TestBIRDPhysics" name="test_nighttime_returns_zero" time="0.001" /><testcase classname="tests.unit.test_bird.TestBIRDPhysics" name="test_nighttime_sza_gt_90_5" time="0.002" /><testcase classname="tests.unit.test_bird.TestBIRDPhysics" name="test_mixed_day_night_array" time="0.002" /><testcase classname="tests.unit.test_bird.TestBIRDParameterEffects" name="test_higher_beta_reduces_dni" time="0.002" /><testcase classname="tests.unit.test_bird.TestBIRDParameterEffects" name="test_higher_pwater_reduces_dni" time="0.002" /><testcase classname="tests.unit.test_bird.TestBIRDParameterEffects" name="test_lower_pressure_increases_dni" time="0.002" /><testcase classname="tests.unit.test_bird.TestBIRDParameterEffects" name="test_higher_albedo_increases_ghi" time="0.002" /><testcase classname="tests.unit.test_bird.TestBIRDParameterEffects" name="test_larger_cosz_increases_ghi" time="0.002" /><testcase classname="tests.unit.test_bird.TestBIRDParameterEffects" name="test_ecf_scales_irradiance" time="0.002" /><testcase classname="tests.unit.test_bird.TestBIRDEdgeCases" name="test_cosz_exactly_one" time="0.001" /><testcase classname="tests.unit.test_bird.TestBIRDEdgeCases" name="test_nan_cosz_propagates_nan" time="0.001" /><testcase classname="tests.unit.test_bird.TestBIRDEdgeCases" name="test_extreme_high_beta" time="0.002" /><testcase classname="tests.unit.test_bird.TestBIRDEdgeCases" name="test_zero_ozone" time="0.002" /><testcase classname="tests.unit.test_bird.TestBIRDEdgeCases" name="test_all_nan_array" time="0.002" /><testcase classname="tests.unit.test_bird.TestBIRDVectorisation" name="test_1d_array" time="0.002" /><testcase classname="tests.unit.test_bird.TestBIRDVectorisation" name="test_2d_array" time="0.002" /><testcase classname="tests.unit.test_bird.TestBIRDVectorisation" name="test_reproducibility" time="0.003" /><testcase classname="tests.unit.test_config.TestConfigFileOperations" name="test_get_config_path" time="0.007" /><testcase classname="tests.unit.test_config.TestConfigFileOperations" name="test_init_config_file_creates_file" time="0.003" /><testcase classname="tests.unit.test_config.TestConfigFileOperations" name="test_read_config_options_existing_file" time="0.005" /><testcase classname="tests.unit.test_config.TestConfigOptions" name="test_get_option_existing" time="0.001" /><testcase classname="tests.unit.test_config.TestConfigOptions" name="test_get_option_missing_table" time="0.001" /><testcase classname="tests.unit.test_config.TestConfigOptions" name="test_get_option_missing_key" time="0.001" /><testcase classname="tests.unit.test_config.TestConfigOptions" name="test_get_option_with_default" time="0.001" /><testcase classname="tests.unit.test_config.TestConfigOptions" name="test_get_option_data_dir_returns_path" time="0.001" /><testcase classname="tests.unit.test_config.TestConfigOptions" name="test_set_option_existing_table" time="0.001" /><testcase classname="tests.unit.test_config.TestConfigOptions" name="test_set_option_missing_table" time="0.001" /><testcase classname="tests.unit.test_config.TestConfigOptions" name="test_set_option_data_dir_with_path" time="0.001" /><testcase classname="tests.unit.test_config.TestConfigOptions" name="test_set_option_creates_new_key" time="0.001" /><testcase classname="tests.unit.test_config.TestConfigReset" name="test_reset_config_file" time="0.003" /><testcase classname="tests.unit.test_config.TestShowConfig" name="test_show_config_returns_none" time="0.002" /><testcase classname="tests.unit.test_config.TestDefaultConfigStructure" name="test_default_config_has_required_sections" time="0.012" /><testcase classname="tests.unit.test_config.TestDefaultConfigStructure" name="test_sunwhere_default_algorithm" time="0.011" /><testcase classname="tests.unit.test_config.TestConfigIntegration" name="test_full_config_workflow" time="0.013" /><testcase classname="tests.unit.test_crs_sodaapi.TestSODADatasetStructure" name="test_returns_atmosphere_instance" time="1.646" /><testcase classname="tests.unit.test_crs_sodaapi.TestSODADatasetStructure" name="test_dataset_is_xarray" time="0.002" /><testcase classname="tests.unit.test_crs_sodaapi.TestSODADatasetStructure" name="test_expected_variables" time="0.001" /><testcase classname="tests.unit.test_crs_sodaapi.TestSODADatasetStructure" name="test_time_dimension" time="0.001" /><testcase classname="tests.unit.test_crs_sodaapi.TestSODADatasetStructure" name="test_site_dimension" time="0.001" /><testcase classname="tests.unit.test_crs_sodaapi.TestSODADatasetStructure" name="test_site_name" time="0.001" /><testcase classname="tests.unit.test_crs_sodaapi.TestSODADatasetStructure" name="test_lat_lon_coordinates" time="0.002" /><testcase classname="tests.unit.test_crs_sodaapi.TestSODADatasetStructure" name="test_time_coordinate_matches_request" time="0.002" /><testcase classname="tests.unit.test_crs_sodaapi.TestSODAAtmosphericVariables" name="test_pressure_range" time="0.001" /><testcase classname="tests.unit.test_crs_sodaapi.TestSODAAtmosphericVariables" name="test_pwater_non_negative" time="0.001" /><testcase classname="tests.unit.test_crs_sodaapi.TestSODAAtmosphericVariables" name="test_ozone_positive" time="0.001" /><testcase classname="tests.unit.test_crs_sodaapi.TestSODAAtmosphericVariables" name="test_beta_non_negative" time="0.001" /><testcase classname="tests.unit.test_crs_sodaapi.TestSODAAtmosphericVariables" name="test_alpha_positive" time="0.001" /><testcase classname="tests.unit.test_crs_sodaapi.TestSODAAtmosphericVariables" name="test_albedo_bounded" time="0.001" /><testcase classname="tests.unit.test_crs_sodaapi.TestSODAComputeSPARTA" name="test_returns_dataset" time="0.072" /><testcase classname="tests.unit.test_crs_sodaapi.TestSODAComputeSPARTA" name="test_has_irradiance_variables" time="0.026" /><testcase classname="tests.unit.test_crs_sodaapi.TestSODAComputeSPARTA" name="test_ghi_non_negative_daytime" time="0.026" /><testcase classname="tests.unit.test_crs_sodaapi.TestSODAComputeSPARTA" name="test_ghi_energy_balance" time="0.027" /><testcase classname="tests.unit.test_crs_sodaapi.TestSODAComputeSPARTA" name="test_dimensions" time="0.026" /><testcase classname="tests.unit.test_crs_sodaapi.TestSODAComputeBIRD" name="test_returns_dataset" time="0.023" /><testcase classname="tests.unit.test_crs_sodaapi.TestSODAComputeBIRD" name="test_has_irradiance_variables" time="0.023" /><testcase classname="tests.unit.test_crs_sodaapi.TestSODAComputeBIRD" name="test_ghi_non_negative" time="0.023" /><testcase classname="tests.unit.test_crs_sodaapi.TestSODAComputeBIRD" name="test_ghi_energy_balance" time="0.024" /><testcase classname="tests.unit.test_crs_sodaapi.TestSODASPARTAvsBIRD" name="test_mean_relative_difference[ghi-0.2]" time="0.047" /><testcase classname="tests.unit.test_crs_sodaapi.TestSODASPARTAvsBIRD" name="test_mean_relative_difference[dhi-0.2]" time="0.043" /><testcase classname="tests.unit.test_crs_sodaapi.TestSODASPARTAvsBIRD" name="test_mean_relative_difference[dif-0.3]" time="0.039" /><testcase classname="tests.unit.test_crs_sodaapi.TestSODASPARTAvsBIRD" name="test_mean_relative_difference[dni-0.25]" time="0.041" /><testcase classname="tests.unit.test_crs_sodaapi.TestSODASPARTAvsBIRD" name="test_sparta_ghi_bird_ghi_ratio" time="0.069" /><testcase classname="tests.unit.test_crs_sodaapi.TestSODAvsGEEConsistency" name="test_cross_source_agreement[ghi-0.25]" time="0.793" /><testcase classname="tests.unit.test_crs_sodaapi.TestSODAvsGEEConsistency" name="test_cross_source_agreement[dni-0.35]" time="0.065" /><testcase classname="tests.unit.test_merra2_daily.TestGetDatabasePath" name="test_get_database_path_with_config" time="0.003" /><testcase classname="tests.unit.test_merra2_daily.TestGetDatabasePath" name="test_get_database_path_creates_directory" time="0.003" /><testcase classname="tests.unit.test_merra2_daily.TestInferYearsFromTimes" name="test_infer_years_single_year" time="0.004" /><testcase classname="tests.unit.test_merra2_daily.TestInferYearsFromTimes" name="test_infer_years_multiple_years" time="0.003" /><testcase classname="tests.unit.test_merra2_daily.TestInferYearsFromTimes" name="test_infer_years_with_boundary_padding_start" time="0.004" /><testcase classname="tests.unit.test_merra2_daily.TestInferYearsFromTimes" name="test_infer_years_with_boundary_padding_end" time="0.004" /><testcase classname="tests.unit.test_merra2_daily.TestInferYearsFromTimes" name="test_infer_years_with_numpy_datetime64" time="0.004" /><testcase classname="tests.unit.test_merra2_daily.TestInferYearsFromTimes" name="test_infer_years_sorted_output" time="0.004" /><testcase classname="tests.unit.test_merra2_daily.TestEnsureAllPathsAreLocal" name="test_all_paths_exist" time="0.002" /><testcase classname="tests.unit.test_merra2_daily.TestEnsureAllPathsAreLocal" name="test_missing_path_raises_error" time="0.003" /><testcase classname="tests.unit.test_merra2_daily.TestAtSitesMethod" name="test_at_sites_single_location" time="0.093" /><testcase classname="tests.unit.test_merra2_daily.TestAtSitesMethod" name="test_at_sites_multiple_locations" time="0.063" /><testcase classname="tests.unit.test_merra2_daily.TestAtSitesMethod" name="test_at_sites_with_site_names" time="0.053" /><testcase classname="tests.unit.test_merra2_daily.TestAtSitesMethod" name="test_at_sites_mismatched_coordinates_raises_error" time="0.004" /><testcase classname="tests.unit.test_merra2_daily.TestAtSitesMethod" name="test_at_sites_invalid_latitude" time="0.004" /><testcase classname="tests.unit.test_merra2_daily.TestAtSitesMethod" name="test_at_sites_invalid_longitude" time="0.004" /><testcase classname="tests.unit.test_merra2_daily.TestOnRegularGridMethod" name="test_on_regular_grid" time="0.061" /><testcase classname="tests.unit.test_merra2_daily.TestOnRegularGridMethod" name="test_on_regular_grid_handles_nan_albedo" time="0.084" /><testcase classname="tests.unit.test_merra2_daily.TestLoadDataset" name="test_load_dataset_single_year" time="0.012" /><testcase classname="tests.unit.test_merra2_daily.TestLoadDataset" name="test_load_dataset_multiple_years" time="0.012" /><testcase classname="tests.unit.test_merra2_daily.TestLoadDataset" name="test_load_dataset_calls_open_mfdataset_correctly" time="0.010" /><testcase classname="tests.unit.test_merra2_daily.TestMERRA2DailyAtmosphereIntegration" name="test_end_to_end_at_sites" time="0.058" /><testcase classname="tests.unit.test_merra2_daily.TestMERRA2DailyAtmosphereIntegration" name="test_end_to_end_on_regular_grid" time="0.072" /><testcase classname="tests.unit.test_merra2_geeapi.TestGEEDatasetStructure" name="test_returns_atmosphere_instance" time="0.037" /><testcase classname="tests.unit.test_merra2_geeapi.TestGEEDatasetStructure" name="test_dataset_is_xarray" time="0.001" /><testcase classname="tests.unit.test_merra2_geeapi.TestGEEDatasetStructure" name="test_expected_variables" time="0.002" /><testcase classname="tests.unit.test_merra2_geeapi.TestGEEDatasetStructure" name="test_time_dimension" time="0.002" /><testcase classname="tests.unit.test_merra2_geeapi.TestGEEDatasetStructure" name="test_site_dimension" time="0.001" /><testcase classname="tests.unit.test_merra2_geeapi.TestGEEDatasetStructure" name="test_site_name" time="0.002" /><testcase classname="tests.unit.test_merra2_geeapi.TestGEEDatasetStructure" name="test_lat_lon_coordinates" time="0.003" /><testcase classname="tests.unit.test_merra2_geeapi.TestGEEDatasetStructure" name="test_time_coordinate_matches_request" time="0.002" /><testcase classname="tests.unit.test_merra2_geeapi.TestGEEAtmosphericVariables" name="test_pressure_range" time="0.002" /><testcase classname="tests.unit.test_merra2_geeapi.TestGEEAtmosphericVariables" name="test_pwater_non_negative" time="0.002" /><testcase classname="tests.unit.test_merra2_geeapi.TestGEEAtmosphericVariables" name="test_ozone_positive" time="0.002" /><testcase classname="tests.unit.test_merra2_geeapi.TestGEEAtmosphericVariables" name="test_beta_non_negative" time="0.002" /><testcase classname="tests.unit.test_merra2_geeapi.TestGEEAtmosphericVariables" name="test_alpha_positive" time="0.002" /><testcase classname="tests.unit.test_merra2_geeapi.TestGEEAtmosphericVariables" name="test_ssa_bounded" time="0.002" /><testcase classname="tests.unit.test_merra2_geeapi.TestGEEAtmosphericVariables" name="test_albedo_bounded" time="0.002" /><testcase classname="tests.unit.test_merra2_geeapi.TestGEEComputeSPARTA" name="test_returns_dataset" time="0.034" /><testcase classname="tests.unit.test_merra2_geeapi.TestGEEComputeSPARTA" name="test_has_irradiance_variables" time="0.028" /><testcase classname="tests.unit.test_merra2_geeapi.TestGEEComputeSPARTA" name="test_ghi_non_negative_daytime" time="0.028" /><testcase classname="tests.unit.test_merra2_geeapi.TestGEEComputeSPARTA" name="test_ghi_energy_balance" time="0.028" /><testcase classname="tests.unit.test_merra2_geeapi.TestGEEComputeSPARTA" name="test_dimensions" time="0.026" /><testcase classname="tests.unit.test_merra2_geeapi.TestGEEComputeBIRD" name="test_returns_dataset" time="0.024" /><testcase classname="tests.unit.test_merra2_geeapi.TestGEEComputeBIRD" name="test_has_irradiance_variables" time="0.024" /><testcase classname="tests.unit.test_merra2_geeapi.TestGEEComputeBIRD" name="test_ghi_non_negative" time="0.024" /><testcase classname="tests.unit.test_merra2_geeapi.TestGEEComputeBIRD" name="test_ghi_energy_balance" time="0.024" /><testcase classname="tests.unit.test_merra2_geeapi.TestGEESPARTAvsBIRD" name="test_mean_relative_difference[ghi-0.2]" time="0.049" /><testcase classname="tests.unit.test_merra2_geeapi.TestGEESPARTAvsBIRD" name="test_mean_relative_difference[dhi-0.2]" time="0.048" /><testcase classname="tests.unit.test_merra2_geeapi.TestGEESPARTAvsBIRD" name="test_mean_relative_difference[dif-0.3]" time="0.056" /><testcase classname="tests.unit.test_merra2_geeapi.TestGEESPARTAvsBIRD" name="test_mean_relative_difference[dni-0.25]" time="0.069" /><testcase classname="tests.unit.test_merra2_geeapi.TestGEESPARTAvsBIRD" name="test_sparta_ghi_bird_ghi_ratio" time="0.052" /><testcase classname="tests.unit.test_merra2_geeapi.TestGEEReproducibility" name="test_dataset_reproducible" time="0.050" /><testcase classname="tests.unit.test_sparta.TestSPARTABasics" name="test_sparta_returns_dict" time="0.004" /><testcase classname="tests.unit.test_sparta.TestSPARTABasics" name="test_sparta_output_types" time="0.003" /><testcase classname="tests.unit.test_sparta.TestSPARTABasics" name="test_sparta_with_scalar_inputs" time="0.003" /><testcase classname="tests.unit.test_sparta.TestSPARTABasics" name="test_sparta_with_array_inputs" time="0.003" /><testcase classname="tests.unit.test_sparta.TestSPARTAPhysicalBehavior" name="test_daytime_positive_irradiance" time="0.003" /><testcase classname="tests.unit.test_sparta.TestSPARTAPhysicalBehavior" name="test_nighttime_zero_irradiance" time="0.003" /><testcase classname="tests.unit.test_sparta.TestSPARTAPhysicalBehavior" name="test_ghi_equals_dni_plus_dif" time="0.004" /><testcase classname="tests.unit.test_sparta.TestSPARTAPhysicalBehavior" name="test_dni_within_solar_constant" time="0.004" /><testcase classname="tests.unit.test_sparta.TestSPARTAPhysicalBehavior" name="test_increasing_cosz_increases_irradiance" time="0.006" /><testcase classname="tests.unit.test_sparta.TestSPARTAParameterEffects" name="test_higher_aerosol_reduces_dni" time="0.006" /><testcase classname="tests.unit.test_sparta.TestSPARTAParameterEffects" name="test_higher_pwater_reduces_dni" time="0.006" /><testcase classname="tests.unit.test_sparta.TestSPARTAParameterEffects" name="test_higher_albedo_increases_dif" time="0.007" /><testcase classname="tests.unit.test_sparta.TestSPARTAParameterEffects" name="test_lower_pressure_reduces_irradiance" time="0.007" /><testcase classname="tests.unit.test_sparta.TestSPARTAEdgeCases" name="test_zero_cosz" time="0.008" /><testcase classname="tests.unit.test_sparta.TestSPARTAEdgeCases" name="test_cosz_one" time="0.004" /><testcase classname="tests.unit.test_sparta.TestSPARTAEdgeCases" name="test_extreme_beta_values" time="0.005" /><testcase classname="tests.unit.test_sparta.TestSPARTAEdgeCases" name="test_nan_input_handling" time="0.005" /><testcase classname="tests.unit.test_sparta.TestSPARTAEdgeCases" name="test_mixed_day_night_array" time="0.004" /><testcase classname="tests.unit.test_sparta.TestSPARTATransmittanceSchemes" name="test_independent_scheme" time="0.005" /><testcase classname="tests.unit.test_sparta.TestSPARTATransmittanceSchemes" name="test_interdependent_scheme" time="0.004" /><testcase classname="tests.unit.test_sparta.TestSPARTATransmittanceSchemes" name="test_schemes_produce_different_results" time="0.008" /><testcase classname="tests.unit.test_sparta.TestSPARTACSI" name="test_csi_none" time="0.004" /><testcase classname="tests.unit.test_sparta.TestSPARTACSI" name="test_csi_sparta" time="0.004" /><testcase classname="tests.unit.test_sparta.TestSPARTACSI" name="test_csi_hfov_parameter" time="0.007" /><testcase classname="tests.unit.test_sparta.TestSPARTAVectorization" name="test_2d_array_input" time="0.004" /><testcase classname="tests.unit.test_sparta.TestSPARTAVectorization" name="test_broadcasting" time="0.004" /><testcase classname="tests.unit.test_sparta.TestSPARTAReproducibility" name="test_same_inputs_same_outputs" time="0.007" /><testcase classname="tests.unit.test_validation.TestValidaRegex" name="test_valid_pattern" time="0.001" /><testcase classname="tests.unit.test_validation.TestValidaRegex" name="test_invalid_pattern" time="0.001" /><testcase classname="tests.unit.test_validation.TestValidaRegex" name="test_non_string_input" time="0.002" /><testcase classname="tests.unit.test_validation.TestValidaRegex" name="test_with_parser" time="0.001" /><testcase classname="tests.unit.test_validation.TestValidaChoices" name="test_exact_match" time="0.001" /><testcase classname="tests.unit.test_validation.TestValidaChoices" name="test_case_insensitive" time="0.001" /><testcase classname="tests.unit.test_validation.TestValidaChoices" name="test_fuzzy_match" time="0.002" /><testcase classname="tests.unit.test_validation.TestValidaChoices" name="test_no_close_match" time="0.001" /><testcase classname="tests.unit.test_validation.TestValidaChoices" name="test_non_string_input" time="0.001" /><testcase classname="tests.unit.test_validation.TestValidaChoices" name="test_with_parser" time="0.001" /><testcase classname="tests.unit.test_validation.TestValidaRange" name="test_within_range_le" time="0.001" /><testcase classname="tests.unit.test_validation.TestValidaRange" name="test_outside_range_le" time="0.001" /><testcase classname="tests.unit.test_validation.TestValidaRange" name="test_within_range_lt" time="0.001" /><testcase classname="tests.unit.test_validation.TestValidaRange" name="test_outside_range_lt" time="0.001" /><testcase classname="tests.unit.test_validation.TestValidaRange" name="test_within_range_ge" time="0.001" /><testcase classname="tests.unit.test_validation.TestValidaRange" name="test_outside_range_ge" time="0.002" /><testcase classname="tests.unit.test_validation.TestValidaRange" name="test_within_range_gt" time="0.001" /><testcase classname="tests.unit.test_validation.TestValidaRange" name="test_outside_range_gt" time="0.001" /><testcase classname="tests.unit.test_validation.TestValidaRange" name="test_combined_constraints" time="0.001" /><testcase classname="tests.unit.test_validation.TestValidaRange" name="test_string_to_float_conversion" time="0.001" /><testcase classname="tests.unit.test_validation.TestValidaRange" name="test_non_numeric_input" time="0.001" /><testcase classname="tests.unit.test_validation.TestValidaRange" name="test_with_parser" time="0.001" /><testcase classname="tests.unit.test_validation.TestValidateType" name="test_validate_latitude" time="0.001" /><testcase classname="tests.unit.test_validation.TestValidateType" name="test_validate_latitude_out_of_range" time="0.001" /><testcase classname="tests.unit.test_validation.TestValidateType" name="test_validate_longitude" time="0.001" /><testcase classname="tests.unit.test_validation.TestValidateType" name="test_validate_longitude_out_of_range" time="0.001" /><testcase classname="tests.unit.test_validation.TestValidateType" name="test_validate_elevation" time="0.001" /><testcase classname="tests.unit.test_validation.TestValidateType" name="test_validate_elevation_out_of_range" time="0.001" /><testcase classname="tests.unit.test_validation.TestValidateType" name="test_validate_soda_timestep" time="0.001" /><testcase classname="tests.unit.test_validation.TestValidateType" name="test_validate_soda_stream" time="0.001" /><testcase classname="tests.unit.test_validation.TestValidateType" name="test_validate_model" time="0.001" /><testcase classname="tests.unit.test_validation.TestValidateType" name="test_validate_none" time="0.001" /><testcase classname="tests.unit.test_validation.TestValidateType" name="test_invalid_annotated_type" time="0.001" /><testcase classname="tests.unit.test_validation.TestTypeAliases" name="test_latitude_spanish_cities" time="0.001" /><testcase classname="tests.unit.test_validation.TestTypeAliases" name="test_longitude_spanish_cities" time="0.001" /><testcase classname="tests.unit.test_validation.TestTypeAliases" name="test_model_case_insensitive" time="0.001" /></testsuite></testsuites>